[ReactAgent] Starting task 9256a835-3110-45a9-9a03-17008cd6542c
[ReactAgent] Adaptive budget: 45 iterations (complexity=2)
[ReactAgent] Iteration 1/45
[ReactAgent] Tool: edit_file
[ReactAgent] Autofix app/routes.py: SKIPPED
[ReactAgent] Iteration 2/45
[ReactAgent] Tool: run_tests
[ReactAgent] Iteration 3/45
[ReactAgent] Tool: list_files
[ReactAgent] Iteration 4/45
[ReactAgent] Tool: run_command
[ReactAgent] Iteration 5/45
[ReactAgent] Tool: create_file
[ReactAgent] Autofix test_update_endpoint.py: SKIPPED
[ReactAgent] Iteration 6/45
[ReactAgent] Tool: run_command
[ReactAgent] Iteration 7/45
[ReactAgent] Tool: run_command
[ReactAgent] Iteration 8/45
[ReactAgent] Tool: run_command
[ReactAgent] Iteration 9/45
[ReactAgent] Tool: create_file
[ReactAgent] Autofix test_update.sh: SKIPPED
[ReactAgent] Iteration 10/45
[ReactAgent] Tool: run_command
[ReactAgent] Iteration 11/45
[ReactAgent] Tool: create_file
[ReactAgent] Autofix test_validation.sh: SKIPPED
[ReactAgent] Iteration 12/45
[ReactAgent] Tool: run_command
[ReactAgent] Iteration 13/45
[ReactAgent] Tool: create_file
[ReactAgent] Autofix test_timestamp.sh: SKIPPED
[ReactAgent] Iteration 14/45
[ReactAgent] Tool: run_command
[ReactAgent] Iteration 15/45
[ReactAgent] Tool: create_file
[ReactAgent] Autofix test_openapi.sh: SKIPPED
[ReactAgent] Iteration 16/45
[ReactAgent] Tool: run_command
[ReactAgent] Iteration 17/45
[ReactAgent] Tool: run_command
[ReactAgent] Iteration 18/45
[ReactAgent] Tool: create_file
[ReactAgent] Autofix demo_update_endpoint.sh: SKIPPED
[ReactAgent] Iteration 19/45
[ReactAgent] Tool: run_command
[ReactAgent] Iteration 20/45
[ReactAgent] Tool: run_command
[ReactAgent] Iteration 21/45
[ReactAgent] Running final verification...
[ReactAgent] Running final verification...
[ReactAgent] Running final verification...
