[ReactAgent] Starting task 7ed42345-d769-47e6-a26c-13a326c52844
[ReactAgent] Adaptive budget: 45 iterations (complexity=None)
[ReactAgent] Iteration 1/45
[ReactAgent] Tool: list_files
[ReactAgent] Iteration 2/45
[ReactAgent] Tool: edit_file
[ReactAgent] Autofix pyproject.toml: SKIPPED
[ReactAgent] Iteration 3/45
[ReactAgent] Tool: create_file
[ReactAgent] Autofix todo_api/__init__.py: SKIPPED
[ReactAgent] Iteration 4/45
[ReactAgent] Tool: create_file
[ReactAgent] Autofix todo_api/config.py: SKIPPED
[ReactAgent] Iteration 5/45
[ReactAgent] Tool: create_file
[ReactAgent] Autofix todo_api/database.py: SKIPPED
[ReactAgent] Iteration 6/45
[ReactAgent] Tool: create_file
[ReactAgent] Autofix todo_api/models.py: SKIPPED
[ReactAgent] Iteration 7/45
[ReactAgent] Tool: create_file
[ReactAgent] Autofix todo_api/schemas.py: SKIPPED
[ReactAgent] Iteration 8/45
[ReactAgent] Tool: create_file
[ReactAgent] Autofix todo_api/crud.py: SKIPPED
[ReactAgent] Iteration 9/45
[ReactAgent] Tool: create_file
[ReactAgent] Autofix todo_api/main.py: SKIPPED
[ReactAgent] Iteration 10/45
[ReactAgent] Tool: create_file
[ReactAgent] Autofix tests/__init__.py: SKIPPED
[ReactAgent] Iteration 11/45
[ReactAgent] Tool: create_file
[ReactAgent] Autofix tests/conftest.py: SKIPPED
[ReactAgent] Iteration 12/45
[ReactAgent] Tool: create_file
[ReactAgent] Autofix tests/test_api.py: SKIPPED
[ReactAgent] Iteration 13/45
[ReactAgent] Tool: create_file
[ReactAgent] Autofix pytest.ini: SKIPPED
[ReactAgent] Iteration 14/45
[ReactAgent] Tool: edit_file
[ReactAgent] Autofix README.md: SKIPPED
[ReactAgent] Iteration 15/45
[ReactAgent] Tool: run_command
[ReactAgent] Iteration 16/45
[ReactAgent] Tool: run_tests
[ReactAgent] Iteration 17/45
[ReactAgent] Tool: read_file
[ReactAgent] Iteration 18/45
[ReactAgent] Tool: edit_file
[ReactAgent] Autofix tests/conftest.py: SKIPPED
[ReactAgent] Iteration 19/45
[ReactAgent] Tool: run_tests
[ReactAgent] Iteration 20/45
[ReactAgent] Tool: edit_file
[ReactAgent] Autofix tests/conftest.py: SKIPPED
[ReactAgent] Iteration 21/45
[ReactAgent] Tool: run_tests
[ReactAgent] Iteration 22/45
[ReactAgent] Tool: read_file
[ReactAgent] Iteration 23/45
[ReactAgent] Tool: read_file
[ReactAgent] Iteration 24/45
[ReactAgent] Tool: edit_file
[ReactAgent] Autofix todo_api/main.py: SKIPPED
[ReactAgent] Iteration 25/45
[ReactAgent] Tool: run_tests
[ReactAgent] Iteration 26/45
[ReactAgent] Tool: run_command
[ReactAgent] Iteration 27/45
[ReactAgent] Tool: run_command
[ReactAgent] Iteration 28/45
[ReactAgent] Tool: run_command
[ReactAgent] Iteration 29/45
[ReactAgent] Tool: run_command
[ReactAgent] Iteration 30/45
[ReactAgent] Tool: edit_file
[ReactAgent] Autofix tests/conftest.py: SKIPPED
[ReactAgent] Iteration 31/45
[ReactAgent] Tool: run_tests
[ReactAgent] Iteration 32/45
[ReactAgent] Tool: edit_file
[ReactAgent] Autofix tests/conftest.py: SKIPPED
[ReactAgent] Iteration 33/45
[ReactAgent] Tool: edit_file
[ReactAgent] Autofix tests/conftest.py: SKIPPED
[ReactAgent] Iteration 34/45
[ReactAgent] Tool: run_command
[ReactAgent] Iteration 35/45
[ReactAgent] Tool: run_tests
[ReactAgent] Iteration 36/45
[ReactAgent] Tool: create_file
[ReactAgent] Autofix .gitignore: SKIPPED
[ReactAgent] Iteration 37/45
[ReactAgent] Tool: run_command
[ReactAgent] Iteration 38/45
[ReactAgent] Tool: run_command
[ReactAgent] Iteration 39/45
[ReactAgent] Tool: run_command
[ReactAgent] Iteration 40/45
[ReactAgent] Tool: run_command
[ReactAgent] Iteration 41/45
[ReactAgent] Tool: create_file
[ReactAgent] Autofix examples/api_usage.sh: SKIPPED
[ReactAgent] Iteration 42/45
[ReactAgent] Tool: run_command
[ReactAgent] Iteration 43/45
[ReactAgent] Tool: create_file
[ReactAgent] Autofix examples/client_example.py: SKIPPED
[ReactAgent] Iteration 44/45
[ReactAgent] Tool: run_command
[ReactAgent] Iteration 45/45
[ReactAgent] Tool: create_file
[ReactAgent] Autofix Dockerfile: SKIPPED
