[ReactAgent] Starting task d0d82298-fdbf-4b3f-a21b-b67ba804bc9c
[ReactAgent] Iteration 1/30
[ReactAgent] Tool: list_files
[ReactAgent] Iteration 2/30
[ReactAgent] Tool: create_file
[ReactAgent] Autofix app/__init__.py: SKIPPED
[ReactAgent] Iteration 3/30
[ReactAgent] Tool: create_file
[ReactAgent] Autofix app/models.py: SKIPPED
[ReactAgent] Iteration 4/30
[ReactAgent] Tool: create_file
[ReactAgent] Autofix app/database.py: SKIPPED
[ReactAgent] Iteration 5/30
[ReactAgent] Tool: create_file
[ReactAgent] Autofix tests/__init__.py: SKIPPED
[ReactAgent] Iteration 6/30
[ReactAgent] Tool: create_file
[ReactAgent] Autofix tests/test_database.py: SKIPPED
[ReactAgent] Iteration 7/30
[ReactAgent] Tool: create_file
[ReactAgent] Autofix tests/test_models.py: SKIPPED
[ReactAgent] Iteration 8/30
[ReactAgent] Tool: edit_file
[ReactAgent] Autofix pyproject.toml: SKIPPED
[ReactAgent] Iteration 9/30
[ReactAgent] Tool: run_command
[ReactAgent] Iteration 10/30
[ReactAgent] Tool: run_tests
[ReactAgent] Iteration 11/30
[ReactAgent] Tool: create_file
[ReactAgent] Autofix app/README.md: SKIPPED
[ReactAgent] Iteration 12/30
[ReactAgent] Tool: list_files
[ReactAgent] Iteration 13/30
[ReactAgent] Tool: run_tests
[ReactAgent] Iteration 14/30
[ReactAgent] Running final verification...
[ReactAgent] Running final verification...
[ReactAgent] Running final verification...
