[ReactAgent] Starting task 03e5b03e-aaca-4faf-96bd-2921a3e9b83f
[ReactAgent] Iteration 1/30
[ReactAgent] Tool: read_file
[ReactAgent] Iteration 2/30
[ReactAgent] Tool: edit_file
[ReactAgent] Autofix app/crud.py: SKIPPED
[ReactAgent] Iteration 3/30
[ReactAgent] Tool: edit_file
[ReactAgent] Autofix app/main.py: SKIPPED
[ReactAgent] Iteration 4/30
[ReactAgent] Tool: create_file
[ReactAgent] Autofix test_api_get_todo_by_id.py: SKIPPED
[ReactAgent] Iteration 5/30
[ReactAgent] Tool: run_tests
[ReactAgent] Iteration 6/30
[ReactAgent] Tool: run_tests
[ReactAgent] Iteration 7/30
[ReactAgent] Tool: create_file
[ReactAgent] Autofix example_get_todo_by_id.py: SKIPPED
[ReactAgent] Iteration 8/30
[ReactAgent] Tool: run_command
[ReactAgent] Iteration 9/30
[ReactAgent] Tool: run_command
[ReactAgent] Iteration 10/30
[ReactAgent] Tool: create_file
[ReactAgent] Autofix GET_TODO_BY_ID_IMPLEMENTATION.md: SKIPPED
[ReactAgent] Iteration 11/30
[ReactAgent] Tool: run_tests
[ReactAgent] Iteration 12/30
[ReactAgent] Tool: run_command
[ReactAgent] Iteration 13/30
[ReactAgent] Tool: create_file
[ReactAgent] Autofix QUICK_REFERENCE.md: SKIPPED
[ReactAgent] Iteration 14/30
[ReactAgent] Tool: read_file
[ReactAgent] Iteration 15/30
[ReactAgent] Running final verification...
[ReactAgent] Running final verification...
[ReactAgent] Running final verification...
