[ReactAgent] Starting task b5eec1e5-b0d0-4a12-acc0-d4dcfdcb4d8b
[ReactAgent] Adaptive budget: 45 iterations (complexity=2)
[ReactAgent] Iteration 1/45
[ReactAgent] Tool: list_files
[ReactAgent] Iteration 2/45
[ReactAgent] Tool: run_command
[ReactAgent] Iteration 3/45
[ReactAgent] Tool: run_command
[ReactAgent] Iteration 4/45
[ReactAgent] Tool: run_command
[ReactAgent] Iteration 5/45
[ReactAgent] Tool: create_file
[ReactAgent] Autofix app/models.py: SKIPPED
[ReactAgent] Iteration 6/45
[ReactAgent] Tool: create_file
[ReactAgent] Autofix app/__init__.py: SKIPPED
[ReactAgent] Iteration 7/45
[ReactAgent] Tool: read_file
[ReactAgent] Iteration 8/45
[ReactAgent] Tool: edit_file
[ReactAgent] Autofix pyproject.toml: SKIPPED
[ReactAgent] Iteration 9/45
[ReactAgent] Tool: run_command
[ReactAgent] Iteration 10/45
[ReactAgent] Tool: run_command
[ReactAgent] Iteration 11/45
[ReactAgent] Tool: run_command
[ReactAgent] Iteration 12/45
[ReactAgent] Tool: run_command
[ReactAgent] Iteration 13/45
[ReactAgent] Tool: run_command
[ReactAgent] Iteration 14/45
[ReactAgent] Tool: run_command
[ReactAgent] Iteration 15/45
[ReactAgent] Tool: run_command
[ReactAgent] Iteration 16/45
[ReactAgent] Tool: run_command
[ReactAgent] Iteration 17/45
[ReactAgent] Tool: run_command
[ReactAgent] Iteration 18/45
[ReactAgent] Tool: run_command
[ReactAgent] Iteration 19/45
[ReactAgent] Tool: run_command
[ReactAgent] Iteration 20/45
[ReactAgent] Tool: run_command
[ReactAgent] Iteration 21/45
[ReactAgent] Tool: run_command
[ReactAgent] Iteration 22/45
[ReactAgent] Tool: run_command
[ReactAgent] Iteration 23/45
[ReactAgent] Tool: run_command
[ReactAgent] Iteration 24/45
[ReactAgent] Tool: read_file
[ReactAgent] Iteration 25/45
[ReactAgent] Tool: run_command
[ReactAgent] Iteration 26/45
[ReactAgent] Tool: list_files
[ReactAgent] Iteration 27/45
[ReactAgent] Tool: run_command
[ReactAgent] Iteration 28/45
[ReactAgent] Tool: run_command
[ReactAgent] Iteration 29/45
[ReactAgent] Tool: list_files
[ReactAgent] Iteration 30/45
[ReactAgent] Tool: run_command
[ReactAgent] Iteration 31/45
[ReactAgent] Running final verification...
[ReactAgent] Running final verification...
[ReactAgent] Running final verification...
